// Jest Snapshot v1, https://goo.gl/fbAQLP

exports[`renders component correctly 1`] = `
<div>
  Hello react 
  chopper changed
</div>
`;
